// Jest Snapshot v1, https://goo.gl/fbAQLP

exports[`Footer render footer 1`] = `ShallowWrapper {}`;
