// Jest Snapshot v1, https://goo.gl/fbAQLP

exports[`CarModal render carModal 1`] = `ShallowWrapper {}`;
