// Jest Snapshot v1, https://goo.gl/fbAQLP

exports[`ProjectDetail Render projectDetail 1`] = `ShallowWrapper {}`;
