// Jest Snapshot v1, https://goo.gl/fbAQLP

exports[`Homepage render homepage 1`] = `ShallowWrapper {}`;
