// Jest Snapshot v1, https://goo.gl/fbAQLP

exports[`lastAddedItem render lastAddedItem 1`] = `ShallowWrapper {}`;
