// Jest Snapshot v1, https://goo.gl/fbAQLP

exports[`LastAdded render LastAdded 1`] = `ShallowWrapper {}`;
