// Jest Snapshot v1, https://goo.gl/fbAQLP

exports[`Dashboard render Dashboard 1`] = `ShallowWrapper {}`;
