// Jest Snapshot v1, https://goo.gl/fbAQLP

exports[`WhyChooseUs render WhyChooseUs 1`] = `ShallowWrapper {}`;
