// Jest Snapshot v1, https://goo.gl/fbAQLP

exports[`Loot renders propertly 1`] = `ShallowWrapper {}`;
